// Jest Snapshot v1, https://goo.gl/fbAQLP

exports[`add proxy for organisation the page should render 1`] = `
"<main class=\\"nhsuk-main-wrapper\\" id=\\"maincontent\\" data-test-id=\\"main-content\\">
        
  <div class=\\"nhsuk-width-container\\" data-test-id=\\"remove-proxy-organisation-page\\">
    <div data-test-id=\\"go-back-link\\">
      <div class=\\"nhsuk-back-link\\">
  <a class=\\"nhsuk-back-link__link\\" href=\\"backLinkUrl\\">
  <svg class=\\"nhsuk-icon nhsuk-icon__chevron-left\\" xmlns=\\"http://www.w3.org/2000/svg\\" viewBox=\\"0 0 24 24\\" aria-hidden=\\"true\\" height=\\"24\\" width=\\"24\\">
    <path d=\\"M8.5 12c0-.3.1-.5.3-.7l5-5c.4-.4 1-.4 1.4 0s.4 1 0 1.4L10.9 12l4.3 4.3c.4.4.4 1 0 1.4s-1 .4-1.4 0l-5-5c-.2-.2-.3-.4-.3-.7z\\"></path>
  </svg>
  Go back</a>
</div>

    </div>

    <div class=\\"nhsuk-grid-row\\">
      <div class=\\"nhsuk-grid-column-two-thirds\\">
        <h1 data-test-id=\\"org-page-title\\" class=\\"nhsuk-u-margin-top-7 nhsuk-u-margin-bottom-3\\">Remove organisation</h1>
        <p data-test-id=\\"organisation-details-subheading\\" class=\\"nhsuk-heading-l nhsuk-u-font-size-22 nhsuk-u-margin-bottom-7\\">
          This organisation will no longer be able to act on behalf of Cheshire and Merseyside Commissioning Hub.
        </p>
        <form method=\\"POST\\">
          <input type=\\"hidden\\" name=\\"_csrf\\" value=\\"\\">
          

  
  

  
  

  <div data-test-id=\\"submit-button\\">
    


  
    
  




<button class=\\"nhsuk-button\\" type=\\"submit\\">
  Remove organisation
</button>



  </div>

          <a href=\\"backLinkUrl\\">Cancel</a>
        </form>
      </div>
    </div>
  </div>

      </main>"
`;
