// Jest Snapshot v1, https://goo.gl/fbAQLP

exports[`organisations dashboard page the page should render 1`] = `
"<main class=\\"nhsuk-main-wrapper\\" id=\\"maincontent\\" data-test-id=\\"main-content\\">
        
  <div class=\\"nhsuk-width-container\\" data-test-id=\\"organisation-page\\">
    <div data-test-id=\\"go-back-link\\">
      <div class=\\"nhsuk-back-link\\">
  <a class=\\"nhsuk-back-link__link\\" href=\\"/organisations\\">
  <svg class=\\"nhsuk-icon nhsuk-icon__chevron-left\\" xmlns=\\"http://www.w3.org/2000/svg\\" viewBox=\\"0 0 24 24\\" aria-hidden=\\"true\\">
    <path d=\\"M8.5 12c0-.3.1-.5.3-.7l5-5c.4-.4 1-.4 1.4 0s.4 1 0 1.4L10.9 12l4.3 4.3c.4.4.4 1 0 1.4s-1 .4-1.4 0l-5-5c-.2-.2-.3-.4-.3-.7z\\"></path>
  </svg>
  Go back</a>
</div>

    </div>
  
    <div class=\\"nhsuk-grid-row\\">
      <div class=\\"nhsuk-grid-column-two-thirds\\">
        <h1 data-test-id=\\"org-page-title\\" class=\\"nhsuk-u-margin-top-7 nhsuk-u-margin-bottom-3\\">Greater Manchester CCG</h1>
        <p data-test-id=\\"org-page-description\\" class=\\"nhsuk-heading-l nhsuk-u-font-size-22\\">These are the details for the organisation and its users.</p>
        <h2 data-test-id=\\"organisation-details-subheading\\">Organisation details</h2>
      </div>
    </div>

    <dl class=\\"nhsuk-summary-list nhsuk-u-padding-margin-5\\">
      <div class=\\"nhsuk-summary-list__row\\">
        <dt class=\\"nhsuk-summary-list__key\\">
          ODS code
        </dt>
        <dd class=\\"nhsuk-summary-list__value\\">
          X01
        </dd>
      </div>
      <div class=\\"nhsuk-summary-list__row\\">
        <dt class=\\"nhsuk-summary-list__key\\">
          Primary Role ID
        </dt>
        <dd class=\\"nhsuk-summary-list__value\\">
          ID123
        </dd>
      </div>
      <div class=\\"nhsuk-summary-list__row\\">
        <dt class=\\"nhsuk-summary-list__key\\">
          Business address
        </dt>
        <dd class=\\"nhsuk-summary-list__value\\">
          
            <div data-test-id=\\"org-page-address-1\\">12 Station Road</div>
          
            <div data-test-id=\\"org-page-address-2\\">Leeds</div>
          
            <div data-test-id=\\"org-page-address-3\\">West Yorkshire</div>
          
            <div data-test-id=\\"org-page-address-4\\">LS15 5FG</div>
          
        </dd>
      </div>
      <div class=\\"nhsuk-summary-list__row\\">
        <dt class=\\"nhsuk-summary-list__key\\">
          Contract
        </dt>
        <dd class=\\"nhsuk-summary-list__value\\">
          <a data-test-id=\\"edit-org-button\\" href=\\"/organisations/org1/edit\\" class=\\"float-right nhsuk-u-margin-left-2\\">Change</a>
          <div data-test-id=\\"agreement-signed-statement\\">
            
              Organisation End User Agreement has been signed
            
          </div>
        </dd>
      </div>
    </dl>
  
    <div class=\\"nhsuk-grid-row\\">
      <div class=\\"nhsuk-grid-column-two-thirds\\">
        <h2>User accounts</h2>
        <p>These are the user accounts for Greater Manchester CCG.</p>
      </div>
    </div>

    <div data-test-id=\\"add-user-button\\">
      <div class=\\"nhsuk-action-link\\">
  <a class=\\"nhsuk-action-link__link\\" href=\\"/organisations/org1/adduser\\">
    <svg class=\\"nhsuk-icon nhsuk-icon__arrow-right-circle\\" xmlns=\\"http://www.w3.org/2000/svg\\" viewBox=\\"0 0 24 24\\" aria-hidden=\\"true\\">
      <path d=\\"M0 0h24v24H0z\\" fill=\\"none\\"></path>
      <path d=\\"M12 2a10 10 0 0 0-9.95 9h11.64L9.74 7.05a1 1 0 0 1 1.41-1.41l5.66 5.65a1 1 0 0 1 0 1.42l-5.66 5.65a1 1 0 0 1-1.41 0 1 1 0 0 1 0-1.41L13.69 13H2.05A10 10 0 1 0 12 2z\\"></path>
    </svg>
    <span class=\\"nhsuk-action-link__text\\">Add new user</span>
  </a>
</div>

    </div>

    <div data-test-id=\\"users-table\\" class=\\"nhsuk-u-font-size-19 even-table\\">
      
  <table data-test-id=\\"table\\" class=\\"\\" style=\\"page-break-inside:auto\\">
    
    
      <thead data-test-id=\\"table-headings\\" style=\\"display:table-header-group;\\">
        
          <tr><th data-test-id=\\"column-heading-0\\" class=\\"nhsuk-u-padding-bottom-0 \\" style=\\"width:\\">
            <div data-test-id=\\"column-heading-0-data\\" class=\\"nhsuk-u-font-weight-bold\\">Name</div>
            
            
          </th>
        
          <th data-test-id=\\"column-heading-1\\" class=\\"nhsuk-u-padding-bottom-0 \\" style=\\"width:\\">
            <div data-test-id=\\"column-heading-1-data\\" class=\\"nhsuk-u-font-weight-bold\\">Telephone number</div>
            
            
          </th>
        
          <th data-test-id=\\"column-heading-2\\" class=\\"nhsuk-u-padding-bottom-0 \\" style=\\"width:\\">
            <div data-test-id=\\"column-heading-2-data\\" class=\\"nhsuk-u-font-weight-bold\\">Email address</div>
            
            
          </th>
        
          <th data-test-id=\\"column-heading-3\\" class=\\"nhsuk-u-padding-bottom-0 \\" style=\\"width:\\">
            <div data-test-id=\\"column-heading-3-data\\" class=\\"nhsuk-u-font-weight-bold\\"></div>
            
            
          </th>
        
          <th data-test-id=\\"column-heading-4\\" class=\\"nhsuk-u-padding-bottom-0 \\" style=\\"width:\\">
            <div data-test-id=\\"column-heading-4-data\\" class=\\"nhsuk-u-font-weight-bold\\"></div>
            
            
          </th>
        
      </tr></thead>
    

    <tbody>
    
      <tr data-test-id=\\"table-row-0\\" style=\\"page-break-inside:avoid; page-break-after:auto\\">
        
          
          <td class=\\"nhsuk-u-padding-bottom-0\\" style=\\"border-bottom-style: solid\\">

            
              <a data-test-id=\\"user-name-user1\\" href=\\"/organisations/org1/user1\\">John Smith</a>
            

            
          </td>
        
          
          <td class=\\"nhsuk-u-padding-bottom-0\\" style=\\"border-bottom-style: solid\\">

            
              
  
    
    <div data-test-id=\\"user-phone-user1\\" class=\\"bc-c-data-text \\">07777777777</div>
  

            

            
          </td>
        
          
          <td class=\\"nhsuk-u-padding-bottom-0\\" style=\\"border-bottom-style: solid\\">

            
              
  
    
    <div data-test-id=\\"user-email-user1\\" class=\\"bc-c-data-text \\">john.smith@email.com</div>
  

            

            
          </td>
        
          
          <td class=\\"nhsuk-u-padding-bottom-0\\" style=\\"border-bottom-style: solid\\">

            
              
  

            

            
          </td>
        
      </tr>
    
      <tr data-test-id=\\"table-row-1\\" style=\\"page-break-inside:avoid; page-break-after:auto\\">
        
          
          <td class=\\"nhsuk-u-padding-bottom-0\\" style=\\"border-bottom-style: solid\\">

            
              <a data-test-id=\\"user-name-user2\\" href=\\"/organisations/org1/user2\\">Daisy Chain</a>
            

            
          </td>
        
          
          <td class=\\"nhsuk-u-padding-bottom-0\\" style=\\"border-bottom-style: solid\\">

            
              
  
    
    <div data-test-id=\\"user-phone-user2\\" class=\\"bc-c-data-text \\">07777777778</div>
  

            

            
          </td>
        
          
          <td class=\\"nhsuk-u-padding-bottom-0\\" style=\\"border-bottom-style: solid\\">

            
              
  
    
    <div data-test-id=\\"user-email-user2\\" class=\\"bc-c-data-text \\">daisy.chain@email.com</div>
  

            

            
          </td>
        
          
          <td class=\\"nhsuk-u-padding-bottom-0\\" style=\\"border-bottom-style: solid\\">

            
              <div>
                
  <div data-test-id=\\"account-disabled-tag-user2\\" class=\\"bc-c-tag nhsuk-u-font-weight-bold bc-c-tag-outline nhsuk-u-font-size-14\\">ACCOUNT DISABLED</div>

              </div>
            

            
          </td>
        
      </tr>
    
    </tbody>
    
  </table>

    </div>

    <div class=\\"nhsuk-grid-row\\">
      <div class=\\"nhsuk-grid-column-two-thirds\\">
        <h2>Related organisations</h2>
        <p>These are the organisations Greater Manchester CCG can create orders for.</p>
      </div>
    </div>

    <div data-test-id=\\"add-organisation-button\\">
      <div class=\\"nhsuk-action-link\\">
  <a class=\\"nhsuk-action-link__link\\" href=\\"/admin/organisations/proxy/org1\\">
    <svg class=\\"nhsuk-icon nhsuk-icon__arrow-right-circle\\" xmlns=\\"http://www.w3.org/2000/svg\\" viewBox=\\"0 0 24 24\\" aria-hidden=\\"true\\">
      <path d=\\"M0 0h24v24H0z\\" fill=\\"none\\"></path>
      <path d=\\"M12 2a10 10 0 0 0-9.95 9h11.64L9.74 7.05a1 1 0 0 1 1.41-1.41l5.66 5.65a1 1 0 0 1 0 1.42l-5.66 5.65a1 1 0 0 1-1.41 0 1 1 0 0 1 0-1.41L13.69 13H2.05A10 10 0 1 0 12 2z\\"></path>
    </svg>
    <span class=\\"nhsuk-action-link__text\\">Add an organisation</span>
  </a>
</div>

    </div>

    <div data-test-id=\\"related-org-table\\" id=\\"related-org-table\\" class=\\"nhsuk-u-font-size-19 even-table\\">
      
  <table data-test-id=\\"table\\" class=\\"\\" style=\\"page-break-inside:auto\\">
    
    
      <thead data-test-id=\\"table-headings\\" style=\\"display:table-header-group;\\">
        
          <tr><th data-test-id=\\"column-heading-0\\" class=\\"nhsuk-u-padding-bottom-0 \\" style=\\"width:\\">
            <div data-test-id=\\"column-heading-0-data\\" class=\\"nhsuk-u-font-weight-bold\\">Organisation name</div>
            
            
          </th>
        
          <th data-test-id=\\"column-heading-1\\" class=\\"nhsuk-u-padding-bottom-0 \\" style=\\"width:\\">
            <div data-test-id=\\"column-heading-1-data\\" class=\\"nhsuk-u-font-weight-bold\\">ODS code</div>
            
            
          </th>
        
          <th data-test-id=\\"column-heading-2\\" class=\\"nhsuk-u-padding-bottom-0 \\" style=\\"width:\\">
            <div data-test-id=\\"column-heading-2-data\\" class=\\"nhsuk-u-font-weight-bold\\"></div>
            
            
          </th>
        
      </tr></thead>
    

    <tbody>
    
      <tr data-test-id=\\"table-row-0\\" style=\\"page-break-inside:avoid; page-break-after:auto\\">
        
          
          <td class=\\"nhsuk-u-padding-bottom-0\\" style=\\"border-bottom-style: solid\\">

            
              
  
    
    <div data-test-id=\\"related-org-name-348a04d0-1f3e-49d5-b652-2e9db4c2d423\\" class=\\"bc-c-data-text \\">Yorkshire and Humber – H&amp;J Commissioning Hub</div>
  

            

            
          </td>
        
          
          <td class=\\"nhsuk-u-padding-bottom-0\\" style=\\"border-bottom-style: solid\\">

            
              
  
    
    <div data-test-id=\\"related-org-odsCode-348a04d0-1f3e-49d5-b652-2e9db4c2d423\\" class=\\"bc-c-data-text \\">14N</div>
  

            

            
          </td>
        
          
          <td class=\\"nhsuk-u-padding-bottom-0\\" style=\\"border-bottom-style: solid\\">

            
              <a data-test-id=\\"related-org-remove-348a04d0-1f3e-49d5-b652-2e9db4c2d423\\" href=\\"/admin/organisations/removeproxy/b7ee5261-43e7-4589-907b-5eef5e98c085/348a04d0-1f3e-49d5-b652-2e9db4c2d423\\">Remove</a>
            

            
          </td>
        
      </tr>
    
      <tr data-test-id=\\"table-row-1\\" style=\\"page-break-inside:avoid; page-break-after:auto\\">
        
          
          <td class=\\"nhsuk-u-padding-bottom-0\\" style=\\"border-bottom-style: solid\\">

            
              
  
    
    <div data-test-id=\\"related-org-name-2459261a-d8f0-464a-bff7-45b2d7adb1ef\\" class=\\"bc-c-data-text \\">Yorkshire and Humber Commissioning Hub</div>
  

            

            
          </td>
        
          
          <td class=\\"nhsuk-u-padding-bottom-0\\" style=\\"border-bottom-style: solid\\">

            
              
  
    
    <div data-test-id=\\"related-org-odsCode-2459261a-d8f0-464a-bff7-45b2d7adb1ef\\" class=\\"bc-c-data-text \\">13V</div>
  

            

            
          </td>
        
          
          <td class=\\"nhsuk-u-padding-bottom-0\\" style=\\"border-bottom-style: solid\\">

            
              <a data-test-id=\\"related-org-remove-2459261a-d8f0-464a-bff7-45b2d7adb1ef\\" href=\\"/admin/organisations/removeproxy/b7ee5261-43e7-4589-907b-5eef5e98c085/2459261a-d8f0-464a-bff7-45b2d7adb1ef\\">Remove</a>
            

            
          </td>
        
      </tr>
    
    </tbody>
    
  </table>

    </div>
  </div>

      </main>"
`;
